// Jest Snapshot v1, https://goo.gl/fbAQLP

exports[`ArrowIcon renders the ArrowIcon component 1`] = `
<div>
  <svg
    fill="none"
    height="13"
    viewBox="0 0 15 13"
    width="15"
    xmlns="http://www.w3.org/2000/svg"
  >
    <path
      d="M14.4946 6.14779C14.4863 5.93594 14.3991 5.69108 14.2539 5.53666L9.51334 0.49958C9.1921 0.21091 8.57613 0.0917437 8.21709 0.425509C7.86344 0.754237 7.87396 1.39178 8.22627 1.72181L11.5595 5.25889L1.1618 5.25889C0.670919 5.25889 0.272949 5.65687 0.272949 6.14779C0.272949 6.6387 0.670919 7.03668 1.1618 7.03668L11.5595 7.03668L8.22627 10.5738C7.92297 10.8776 7.86691 11.5376 8.21709 11.8701C8.56718 12.2025 9.20529 12.0963 9.51334 11.796L14.2539 6.75891C14.4161 6.58653 14.4952 6.38428 14.4946 6.14779Z"
      fill="#D6D9DC"
    />
  </svg>
</div>
`;
