// Jest Snapshot v1, https://goo.gl/fbAQLP

exports[`UnknownIcon renders the UnknownIcon component 1`] = `
<div>
  <svg
    fill="none"
    height="39"
    viewBox="0 0 39 39"
    width="39"
    xmlns="http://www.w3.org/2000/svg"
  >
    <circle
      cx="19.1533"
      cy="19.2715"
      r="17.1"
      stroke="var(--color-primary-default)"
      stroke-width="3.8"
    />
    <path
      d="M16.712 21.5034C16.712 20.7834 16.88 20.1834 17.216 19.7034C17.568 19.2074 18.08 18.7274 18.752 18.2634C19.008 18.0874 19.264 17.9274 19.52 17.7834C19.776 17.6394 20 17.4874 20.192 17.3274C20.4 17.1514 20.56 16.9674 20.672 16.7754C20.8 16.5674 20.864 16.3194 20.864 16.0314C20.864 15.5354 20.688 15.1594 20.336 14.9034C20 14.6474 19.592 14.5194 19.112 14.5194C18.616 14.5194 18.16 14.6794 17.744 14.9994C17.344 15.3034 17.144 15.7674 17.144 16.3914H13.52C13.52 15.6394 13.664 14.9354 13.952 14.2794C14.24 13.6074 14.632 13.0314 15.128 12.5514C15.64 12.0554 16.232 11.6634 16.904 11.3754C17.592 11.0874 18.328 10.9434 19.112 10.9434C19.896 10.9434 20.616 11.0794 21.272 11.3514C21.944 11.6234 22.512 11.9834 22.976 12.4314C23.456 12.8794 23.824 13.3994 24.08 13.9914C24.352 14.5674 24.488 15.1754 24.488 15.8154C24.488 16.2314 24.456 16.6234 24.392 16.9914C24.344 17.3594 24.24 17.7114 24.08 18.0474C23.936 18.3834 23.728 18.7114 23.456 19.0314C23.184 19.3514 22.84 19.6634 22.424 19.9674C21.784 20.4474 21.272 20.8234 20.888 21.0954C20.52 21.3674 20.336 21.6474 20.336 21.9354V21.9594H16.712V21.5034ZM18.512 28.4634C18.16 28.4634 17.824 28.3994 17.504 28.2714C17.2 28.1274 16.928 27.9434 16.688 27.7194C16.464 27.4794 16.28 27.2074 16.136 26.9034C16.008 26.5834 15.944 26.2474 15.944 25.8954C15.944 25.5434 16.008 25.2154 16.136 24.9114C16.28 24.5914 16.464 24.3194 16.688 24.0954C16.928 23.8554 17.2 23.6714 17.504 23.5434C17.824 23.3994 18.16 23.3274 18.512 23.3274C18.864 23.3274 19.192 23.3994 19.496 23.5434C19.816 23.6714 20.088 23.8554 20.312 24.0954C20.552 24.3194 20.736 24.5914 20.864 24.9114C21.008 25.2154 21.08 25.5434 21.08 25.8954C21.08 26.2474 21.008 26.5834 20.864 26.9034C20.736 27.2074 20.552 27.4794 20.312 27.7194C20.088 27.9434 19.816 28.1274 19.496 28.2714C19.192 28.3994 18.864 28.4634 18.512 28.4634Z"
      fill="var(--color-primary-default)"
    />
  </svg>
</div>
`;
