// Jest Snapshot v1, https://goo.gl/fbAQLP

exports[`Alert renders nothing with no visible boolean in state 1`] = `<div />`;

exports[`Alert renders with visible boolean in state 1`] = `
<div>
  <div
    class="global-alert visible"
  >
    <a
      class="msg"
    />
  </div>
</div>
`;
