// Jest Snapshot v1, https://goo.gl/fbAQLP

exports[`Tag should render the label inside the tag and match snapshot 1`] = `
<div>
  <div
    class="box mm-tag box--padding-right-1 box--padding-left-1 box--display-inline-block box--flex-direction-row box--justify-content-center box--align-items-center box--background-color-background-default box--rounded-pill box--border-color-border-default box--border-width-1 box--border-style-solid"
    data-testid="tag"
  >
    <p
      class="box text text--body-sm text--color-text-default box--flex-direction-row"
    >
      Imported
    </p>
  </div>
</div>
`;
