// Jest Snapshot v1, https://goo.gl/fbAQLP

exports[`Confirm Detail Row Component should match snapshot 1`] = `
<div>
  <div
    class="confirm-detail-row"
  >
    <div
      class="confirm-detail-row__label"
    />
    <div
      class="confirm-detail-row__details"
    >
      <div
        class="currency-display-component confirm-detail-row__primary"
        title="0"
      >
        <span
          class="currency-display-component__prefix"
        >
          <i
            class="fab fa-ethereum"
            style="font-size: 18px;"
          />
        </span>
        <span
          class="currency-display-component__text"
        >
          0
        </span>
      </div>
      <div
        class="currency-display-component confirm-detail-row__secondary"
        title="0"
      >
        <span
          class="currency-display-component__prefix"
        >
          <i
            class="fab fa-ethereum"
            style="font-size: 14px;"
          />
        </span>
        <span
          class="currency-display-component__text"
        >
          0
        </span>
      </div>
    </div>
  </div>
</div>
`;
