// Jest Snapshot v1, https://goo.gl/fbAQLP

exports[`AccountListItem Component render should match snapshot 1`] = `
<div>
  <div
    class="account-list-item mockClassName"
    data-testid="account-list-item"
  >
    <div
      class="account-list-item__top-row"
    >
      <div
        class=""
      >
        <div
          class="identicon account-list-item__identicon"
          style="height: 18px; width: 18px; border-radius: 9px;"
        >
          <div
            style="border-radius: 50px; overflow: hidden; padding: 0px; margin: 0px; width: 18px; height: 18px; display: inline-block; background: rgb(24, 191, 242);"
          >
            <svg
              height="18"
              width="18"
              x="0"
              y="0"
            >
              <rect
                fill="#F59B00"
                height="18"
                transform="translate(1.1057728692647846 -1.1284144293741016) rotate(330.0 9 9)"
                width="18"
                x="0"
                y="0"
              />
              <rect
                fill="#F27602"
                height="18"
                transform="translate(8.068916496038273 0.7410013085075559) rotate(170.6 9 9)"
                width="18"
                x="0"
                y="0"
              />
              <rect
                fill="#C8146B"
                height="18"
                transform="translate(-3.4359831020777025 11.706703966498809) rotate(121.2 9 9)"
                width="18"
                x="0"
                y="0"
              />
            </svg>
          </div>
        </div>
      </div>
      <div
        class="account-list-item__account-name"
      >
        mockName
      </div>
      <div
        class="account-list-item__icon"
        data-testid="account-list-item-icon"
      >
        <i
          class="mockIcon"
        />
      </div>
      <div
        class="account-mismatch-warning__tooltip-wrapper"
      >
        <div
          aria-describedby="tippy-tooltip-1"
          class="account-mismatch-warning__tooltip-container"
          data-original-title="null"
          data-tooltipped=""
          style="display: inline;"
          tabindex="0"
        >
          <div
            class="account-mismatch-warning__tooltip-container-icon"
          >
            <svg
              class="info-icon info-icon--warning"
              height="16"
              viewBox="0 0 16 16"
              width="16"
              xmlns="http://www.w3.org/2000/svg"
            >
              <path
                d="M7.2 5.6H8.8V4H7.2V5.6ZM8 14.4C4.472 14.4 1.6 11.528 1.6 8C1.6 4.472 4.472 1.6 8 1.6C11.528 1.6 14.4 4.472 14.4 8C14.4 11.528 11.528 14.4 8 14.4ZM8 0C6.94943 0 5.90914 0.206926 4.93853 0.608964C3.96793 1.011 3.08601 1.60028 2.34315 2.34315C0.842855 3.84344 0 5.87827 0 8C0 10.1217 0.842855 12.1566 2.34315 13.6569C3.08601 14.3997 3.96793 14.989 4.93853 15.391C5.90914 15.7931 6.94943 16 8 16C10.1217 16 12.1566 15.1571 13.6569 13.6569C15.1571 12.1566 16 10.1217 16 8C16 6.94943 15.7931 5.90914 15.391 4.93853C14.989 3.96793 14.3997 3.08601 13.6569 2.34315C12.914 1.60028 12.0321 1.011 11.0615 0.608964C10.0909 0.206926 9.05058 0 8 0ZM7.2 12H8.8V7.2H7.2V12Z"
              />
            </svg>
          </div>
        </div>
      </div>
    </div>
  </div>
</div>
`;
