// Jest Snapshot v1, https://goo.gl/fbAQLP

exports[`Button should render button element correctly 1`] = `
<div>
  <button
    class="box mm-button mm-button--size-md mm-button-primary box--padding-right-4 box--padding-left-4 box--display-inline-flex box--flex-direction-row box--justify-content-center box--align-items-center"
    data-testid="button"
  >
    <span
      class="box text mm-button__content text--body-md text--color-inherit box--gap-2 box--flex-direction-row box--justify-content-center box--align-items-center box--display-flex"
    >
      Button
    </span>
  </button>
</div>
`;

exports[`Button should render with different button types 1`] = `
<div>
  <button
    class="box mm-button mm-button--size-md mm-button-primary box--padding-right-4 box--padding-left-4 box--display-inline-flex box--flex-direction-row box--justify-content-center box--align-items-center"
    data-testid="primary"
  >
    <span
      class="box text mm-button__content text--body-md text--color-inherit box--gap-2 box--flex-direction-row box--justify-content-center box--align-items-center box--display-flex"
    >
      Button
    </span>
  </button>
  <button
    class="box mm-button mm-button--size-md mm-button-secondary box--padding-right-4 box--padding-left-4 box--display-inline-flex box--flex-direction-row box--justify-content-center box--align-items-center"
    data-testid="secondary"
  >
    <span
      class="box text mm-button__content text--body-md text--color-inherit box--gap-2 box--flex-direction-row box--justify-content-center box--align-items-center box--display-flex"
    >
      Button
    </span>
  </button>
  <button
    class="box mm-button mm-button--size-md mm-button-link box--padding-right-4 box--padding-left-4 box--display-inline-flex box--flex-direction-row box--justify-content-center box--align-items-center"
    data-testid="link"
  >
    <span
      class="box text mm-button__content text--body-md text--color-inherit box--gap-2 box--flex-direction-row box--justify-content-center box--align-items-center box--display-flex"
    >
      Button
    </span>
  </button>
</div>
`;
