// Jest Snapshot v1, https://goo.gl/fbAQLP

exports[`SiteOrigin renders number and hyphen prefixed domains correctly 1`] = `
<div>
  <div
    class="site-origin"
  >
    <bdi
      dir="ltr"
    >
      0-example.com
    </bdi>
  </div>
</div>
`;
