// Jest Snapshot v1, https://goo.gl/fbAQLP

exports[`SelectedAccount Component should match snapshot 1`] = `
<div>
  <div
    class="selected-account"
  >
    <div
      class="selected-account__tooltip-wrapper"
    >
      <div
        aria-describedby="tippy-tooltip-1"
        class=""
        data-original-title="Copy to clipboard"
        data-tooltipped=""
        style="display: inline;"
        tabindex="0"
      >
        <button
          class="selected-account__clickable"
          data-testid="selected-account-click"
        >
          <div
            class="selected-account__name"
          >
            Test Account
          </div>
          <div
            class="selected-account__address"
          >
            0x0DC...E7bc
            <div
              class="selected-account__copy"
            >
              <svg
                fill="none"
                height="11"
                viewBox="0 0 11 11"
                width="11"
                xmlns="http://www.w3.org/2000/svg"
              >
                <path
                  clip-rule="evenodd"
                  d="M0 0H1H9V1H1V9H0V0ZM2 2H11V11H2V2ZM3 3H10V10H3V3Z"
                  fill="var(--color-icon-alternative)"
                  fill-rule="evenodd"
                />
              </svg>
            </div>
          </div>
        </button>
      </div>
    </div>
  </div>
</div>
`;
