// Jest Snapshot v1, https://goo.gl/fbAQLP

exports[`ViewOnBlockExplorer renders the component with initial props 1`] = `
<div>
  <div
    class="box view-on-block-explorer box--margin-top-6 box--flex-direction-row"
  >
    <button>
      View Swap at etherscan.io
    </button>
  </div>
</div>
`;
