// Jest Snapshot v1, https://goo.gl/fbAQLP

exports[`TagUrl should render the label inside the TagUrl 1`] = `
<div>
  <div
    class="box mm-tag-url box--padding-right-4 box--padding-left-2 box--display-inline-flex box--gap-2 box--flex-direction-row box--align-items-center box--background-color-background-default box--rounded-pill box--border-color-border-default box--border-width-1 box--border-style-solid"
    data-testid="tag-url"
  >
    <div
      class="box base-avatar base-avatar--size-md avatar-favicon box--display-flex box--flex-direction-row box--justify-content-center box--align-items-center box--color-text-default box--background-color-background-alternative box--border-color-transparent box--border-style-solid box--border-width-1"
    >
      <div
        aria-label="avatar-favicon"
        class="box icon icon--size-md box--flex-direction-row box--color-icon-default"
        style="mask-image: url('./images/icons/icon-undefined.svg;"
      />
    </div>
    <p
      class="box text text--body-md text--ellipsis text--color-text-default box--flex-direction-row"
    >
      https://app.uniswap.org
    </p>
  </div>
</div>
`;
