// Jest Snapshot v1, https://goo.gl/fbAQLP

exports[`Import Token Link should match snapshot for goerli chainId 1`] = `
<div>
  <div
    class="box import-token-link box--flex-direction-row box--text-align-center"
  >
    <a
      class="button btn-link import-token-link__link"
      data-testid="refresh-list-button"
      role="button"
      tabindex="0"
    >
      Refresh list
    </a>
    or
    <a
      class="button btn-link import-token-link__link"
      data-testid="import-token-button"
      role="button"
      tabindex="0"
    >
      import tokens
    </a>
  </div>
</div>
`;

exports[`Import Token Link should match snapshot for mainnet chainId 1`] = `
<div>
  <div
    class="box import-token-link box--flex-direction-row box--text-align-center"
  >
    <a
      class="button btn-link import-token-link__link"
      data-testid="refresh-list-button"
      role="button"
      tabindex="0"
    >
      Refresh list
    </a>
    or
    <a
      class="button btn-link import-token-link__link"
      data-testid="import-token-button"
      role="button"
      tabindex="0"
    >
      import tokens
    </a>
  </div>
</div>
`;
