// Jest Snapshot v1, https://goo.gl/fbAQLP

exports[`Name of the group should match snapshot 1`] = `
<div>
  <div>
    <div
      class="first-time-flow__create-back"
    >
      <a
        data-testid="onboarding-back-button"
        href="#"
      >
        &lt; [back]
      </a>
    </div>
    <div
      class="first-time-flow__header"
    >
      [createPassword]
    </div>
    <form
      class="first-time-flow__form"
    >
      <div
        class="MuiFormControl-root MuiTextField-root first-time-flow__input MuiFormControl-marginNormal MuiFormControl-fullWidth"
      >
        <label
          class="MuiFormLabel-root MuiInputLabel-root TextField-formLabel-9 TextField-largeInputLabel-13 MuiInputLabel-formControl MuiInputLabel-animated MuiInputLabel-shrink Mui-focused Mui-focused TextField-formLabelFocused-10"
          data-shrink="true"
          for="create-password"
          id="create-password-label"
        >
          [newPassword]
        </label>
        <div
          class="MuiInputBase-root MuiInput-root TextField-inputRoot-12 MuiInputBase-fullWidth MuiInput-fullWidth Mui-focused Mui-focused TextField-inputFocused-11 MuiInputBase-formControl MuiInput-formControl"
        >
          <input
            aria-invalid="false"
            autocomplete="new-password"
            class="MuiInputBase-input MuiInput-input"
            data-testid="create-password"
            dir="auto"
            id="create-password"
            type="password"
            value=""
          />
        </div>
        
      </div>
      <div
        class="MuiFormControl-root MuiTextField-root first-time-flow__input MuiFormControl-marginNormal MuiFormControl-fullWidth"
      >
        <label
          class="MuiFormLabel-root MuiInputLabel-root TextField-formLabel-9 TextField-largeInputLabel-13 MuiInputLabel-formControl MuiInputLabel-animated MuiInputLabel-shrink"
          data-shrink="true"
          for="confirm-password"
          id="confirm-password-label"
        >
          [confirmPassword]
        </label>
        <div
          class="MuiInputBase-root MuiInput-root TextField-inputRoot-12 MuiInputBase-fullWidth MuiInput-fullWidth MuiInputBase-formControl MuiInput-formControl"
        >
          <input
            aria-invalid="false"
            autocomplete="confirm-password"
            class="MuiInputBase-input MuiInput-input"
            data-testid="confirm-password"
            dir="auto"
            id="confirm-password"
            type="password"
            value=""
          />
        </div>
        
      </div>
      <div
        class="first-time-flow__checkbox-container"
      >
        <div
          aria-checked="false"
          aria-labelledby="ftf-chk1-label"
          class="first-time-flow__checkbox"
          role="checkbox"
          tabindex="0"
        />
        <span
          class="first-time-flow__checkbox-label"
          id="ftf-chk1-label"
        >
          [acceptTermsOfUse]
        </span>
      </div>
      <button
        class="button btn--rounded btn-primary first-time-flow__button"
        disabled=""
        role="button"
        tabindex="0"
      >
        [create]
      </button>
    </form>
  </div>
</div>
`;
